python : Some weights of the model checkpoint at cardiffnlp/twitter-roberta-base-sentiment-latest were not used when 
initializing RobertaForSequenceClassification: ['roberta.pooler.dense.bias', 'roberta.pooler.dense.weight']
At line:1 char:1
+ python w:\ReviewSense-Analytics\tests\test_bug_fixes.py > test_output ...
+ ~~~~~~~~~~~~~~~~~~~~~~~~~~~~~~~~~~~~~~~~~~~~~~~~~~~~~~~~~~~~~~~~~~~~~
    + CategoryInfo          : NotSpecified: (Some weights of....dense.weight']:String) [], RemoteException
    + FullyQualifiedErrorId : NativeCommandError
 
- This IS expected if you are initializing RobertaForSequenceClassification from the checkpoint of a model trained on 
another task or with another architecture (e.g. initializing a BertForSequenceClassification model from a 
BertForPreTraining model).
- This IS NOT expected if you are initializing RobertaForSequenceClassification from the checkpoint of a model that 
you expect to be exactly identical (initializing a BertForSequenceClassification model from a 
BertForSequenceClassification model).
C:\Users\amans\AppData\Local\Programs\Python\Python314\Lib\site-packages\confection\__init__.py:38: UserWarning: Core 
Pydantic V1 functionality isn't compatible with Python 3.14 or greater.
  from pydantic.v1 import BaseModel, Extra, ValidationError, create_model

======================================================================
  REVIEWSENSE ANALYTICS -- BUG #2-6 FIX VERIFICATION
======================================================================

--- BUG #2: CJK Language Detection ---
  PASS  Japanese with Hiragana -> ja: got=ja
  PASS  Chinese only CJK -> zh-cn: got=zh-cn
  PASS  Korean Hangul -> ko: got=ko
  PASS  Arabic script -> ar: got=ar
  PASS  Cyrillic -> ru: got=ru
  PASS  Thai script -> th: got=th
  PASS  Japanese full sentence -> ja (method=unicode_script)
  PASS  Chinese -> zh-cn (method=unicode_script)
  PASS  Hinglish detected: 'Bahut accha...' = True
  PASS  English not Hinglish: 'This is...' = False

--- BUG #3: Neutral Over-Classification ---
  PASS  Clear positive: expected=Positive, got=Positive (conf=0.986)
  PASS  Clear negative: expected=Negative, got=Negative (conf=0.950)
  PASS  Strong positive: expected=Positive, got=Positive (conf=0.983)
  PASS  Strong negative: expected=Negative, got=Negative (conf=0.952)
  PASS  Enthusiastic positive: expected=Positive, got=Positive (conf=0.983)

  Neutral rate: 0/5 (0%)
  PASS  Neutral <50% check

--- BUG #4: ABSA Enhancement ---
  FAIL  BUG-4 error: unable to infer type for attribute "REGEX"

--- BUG #5: Batch Inference ---
  PASS  Batch returned 50/50 results
  PASS  Batch time: 0.30s (6ms/review)
  Distribution: 30 pos, 20 neg, 0 neutral
  PASS  Neutral rate: 0% (<70%)

--- BUG #6: Frontend CSS/Config ---
  PASS  prefers-reduced-motion
  PASS  GPU compositing (translateZ)
  PASS  backface-visibility
  PASS  .animated-card class
  PASS  StrictMode dev-only
  PASS  CSS code-split disabled

--- Section 3: TranslationStatus Component ---
  PASS  TranslationStatus.tsx exists

======================================================================
  SUMMARY
======================================================================
  PASS  BUG-2: Unicode script detection
  PASS  BUG-2: Japanese not Chinese
  PASS  BUG-2: Chinese detected correctly
  PASS  BUG-2: Hinglish detection
  PASS  BUG-3: Sentiment distribution
  FAIL  BUG-4: ABSA
  PASS  BUG-5: Batch inference works
  PASS  BUG-5: Batch performance
  PASS  BUG-5: Batch distribution
  PASS  BUG-6: Animation CSS
  PASS  BUG-6: Build config
  PASS  Section 3: TranslationStatus

  Result: 11/12 tests passed
  1 test(s) need attention
======================================================================

